// Jest Snapshot v1, https://goo.gl/fbAQLP

exports[`Component: Footer Should render successfully 1`] = `
<div
  className="sc-bwzfXH klcVNy"
>
  <div
    className="sc-EHOje fhxHOS"
  >
    <a
      className="sc-ifAKCX gEwwzr"
      href={undefined}
      rel="noopener noreferrer"
      target="_blank"
      title="View my LinkedIn Profile"
    />
    <a
      className="sc-bxivhb nQhIW"
      href={undefined}
      rel="noopener noreferrer"
      target="_blank"
      title="View my GitHub Profile"
    />
  </div>
  <div
    className="sc-bdVaJa fXugcU"
  >
    <a
      href="https://github.com/mmmoustache/portfolio-2018"
      rel="noopener noreferrer"
      target="_blank"
      title="View source code on GitHub"
    >
      Made by me
    </a>
    <a
      href="#"
      title="Back to top"
    >
      Back to top
    </a>
  </div>
</div>
`;
