// Jest Snapshot v1, https://goo.gl/fbAQLP

exports[`Component: Border Should render successfully 1`] = `
<div
  className="sc-bdVaJa jLcSdP"
>
  <div
    className="sc-htpNat cmvZAJ"
  />
  <div
    className="sc-bxivhb gvqaUy"
  />
  <div
    className="sc-ifAKCX eCXUVy"
  />
  <div
    className="sc-EHOje xMvAg"
  />
</div>
`;
