// Jest Snapshot v1, https://goo.gl/fbAQLP

exports[`Component: Border Should render successfully 1`] = `
<div
  className="sc-bdVaJa heSRTb"
>
  <div
    className="sc-htpNat cUMhYB"
  />
  <div
    className="sc-bxivhb liVTau"
  />
  <div
    className="sc-ifAKCX dxQHVU"
  />
  <div
    className="sc-EHOje fvmGYK"
  />
</div>
`;
