// Jest Snapshot v1, https://goo.gl/fbAQLP

exports[`Component: ProjectCard Should render successfully 1`] = `
<div
  className="sc-EHOje gxbxbm"
>
  <div
    className="sc-jTzLTM eXsDCQ"
  >
    <div
      className="sc-jzJRlG eiyKdN"
    />
    <div
      className="sc-cSHVUG dgaApo"
    />
    <div
      className="sc-kAzzGY fsxurZ"
    />
    <div
      className="sc-chPdSV hKPewm"
    />
  </div>
  <div
    className="sc-ifAKCX eFhtF"
  >
    <div
      className="sc-gqjmRU bdGQUe"
    >
      <div
        className="sc-VigVT bjRZMr"
      >
        <ul
          className="sc-htoDjs jcrppT"
        />
        <h2
          className="sc-gZMcBi iyXkWF"
        >
          Test
        </h2>
        <div
          className="sc-bxivhb erkEfj"
        >
          <p>
            Test
          </p>
        </div>
      </div>
      <div
        className="sc-bZQynM dvJRpd"
        multiple="Test"
      >
        <a
          className="sc-htpNat kReTet"
          href="Test"
        >
          <span
            className="sc-bwzfXH cbEDiN"
          >
            <h3
              className="sc-bdVaJa iubVGX"
            >
              View Site
            </h3>
          </span>
        </a>
        <a
          className="sc-htpNat kReTet"
          href="Test"
        >
          <span
            className="sc-bwzfXH cbEDiN"
          >
            <h3
              className="sc-bdVaJa iubVGX"
            >
              View Code
            </h3>
          </span>
        </a>
      </div>
    </div>
  </div>
</div>
`;
