// Jest Snapshot v1, https://goo.gl/fbAQLP

exports[`Component: Intro Should render successfully 1`] = `
<div
  className="sc-htpNat iPkDTG"
>
  <div
    className="sc-gZMcBi hUgYQ"
  >
    <div
      className="sc-VigVT eykDxo"
    />
    <div
      className="sc-jTzLTM hnASyb"
    />
    <div
      className="sc-fjdhpX cmLOKh"
    />
    <div
      className="sc-jzJRlG lbGvag"
    />
  </div>
  <div
    className="sc-bxivhb gpTVTa"
  />
  <div
    className="sc-EHOje eCkAKG"
  >
    <a
      className="sc-iwsKbI bkBAZj"
      href="https://www.linkedin.com/in/jack-coventry-713a8811"
      target="_blank"
      title="View my LinkedIn Profile"
    />
    <a
      className="sc-dnqmqq ffGrfG"
      href="https://github.com/mmmoustache"
      target="_blank"
      title="View my GitHub Profile"
    />
  </div>
  <div
    className="sc-gzVnrw hnTAub"
  >
    <div
      className="sc-bZQynM gZGNLj"
    >
      <div
        className="sc-cSHVUG hOeJLS"
      >
        <h3
          className="sc-bwzfXH dEOoEJ"
        >
          Front End Web Developer
        </h3>
      </div>
      <h1
        className="sc-bdVaJa bbbnIp"
      >
        jack coventry
      </h1>
    </div>
  </div>
</div>
`;
